Alarm> New Alarm Thread 140517641139968 For Message Type (2) Created at 1519752751: Type B
Alarm> New Alarm Thread 140517632747264 For Message Type (2) Created at 1519752751: Type B
Alarm> New Alarm Thread 140517624354560 For Message Type (3) Created at 1519752751: Type B
Alarm> All Alarm Threads For Message Type (2) Terminated And All Messages of Message Type Removed at 1519752751: Type C
Alarm> Alarm Request With Message Type (2) Inserted by Main Thread 140517649307456 Into Alarm List at 1519752751: Type A
Alarm> Alarm Request With Message Type (3) Inserted by Main Thread 140517649307456 Into Alarm List at 1519752751: Type A
Alarm> All Alarm Threads For Message Type (2) Terminated And All Messages of Message Type Removed at 1519752751: Type C
Alarm> New Alarm Thread 140517613774592 For Message Type (2) Created at 1519752751: Type B
Alarm> Alarm Request With Message Type (3) Inserted by Main Thread 140517649307456 Into Alarm List at 1519752751: Type A
Alarm> Alarm Request With Message Type (3) Assigned to Alarm Thread 140517624354560 at 1519752751: Type A
Alarm Request With Message Type (3) Assigned to Alarm Thread 140517624354560 at 1519752751: Type A
Alarm Request With Message Type (6) Inserted by Main Thread 140517649307456 Into Alarm List at 1519752751: Type A
Alarm> Alarm> New Alarm Thread 140517605381888 For Message Type (6) Created at 1519752751: Type B
Alarm> Alarm Request With Message Type (6) Assigned to Alarm Thread 140517605381888 at 1519752751: Type A
Alarm Request With Message Type (3) Inserted by Main Thread 140517649307456 Into Alarm List at 1519752751: Type A
Alarm> Alarm Request With Message Type (3) Assigned to Alarm Thread 140517624354560 at 1519752751: Type A
Alarm Request With Message Type (6) Inserted by Main Thread 140517649307456 Into Alarm List at 1519752751: Type A
Alarm> Alarm Request With Message Type (6) Assigned to Alarm Thread 140517605381888 at 1519752751: Type A
Alarm Request With Message Type (3) Inserted by Main Thread 140517649307456 Into Alarm List at 1519752751: Type A
Alarm> Alarm Request With Message Type (3) Assigned to Alarm Thread 140517624354560 at 1519752751: Type A
Alarm Request With Message Type (6) Inserted by Main Thread 140517649307456 Into Alarm List at 1519752751: Type A
Alarm> Alarm Request With Message Type (6) Assigned to Alarm Thread 140517605381888 at 1519752751: Type A
All Alarm Threads For Message Type (3) Terminated And All Messages of Message Type Removed at 1519752751: Type C
Alarm> Alarm Request With Message Type (2) Inserted by Main Thread 140517649307456 Into Alarm List at 1519752751: Type A
Alarm> Alarm Request With Message Type (2) Assigned to Alarm Thread 140517613774592 at 1519752751: Type A
Alarm> (5) Will meet you at Grandmas house at 3
Alarm With Message Type (2) Printed by Alarm Thread 140517613774592 at 1519752756: Type A 
(5) Will meet you at Grandmas house at 3
Alarm With Message Type (6) Printed by Alarm Thread 140517605381888 at 1519752756: Type A 
(5) Will meet you at Grandmas house at 3
Alarm With Message Type (6) Printed by Alarm Thread 140517605381888 at 1519752756: Type A 
(5) Will meet you at Grandmas house at 3
Alarm With Message Type (6) Printed by Alarm Thread 140517605381888 at 1519752756: Type A 
